// Jest Snapshot v1, https://goo.gl/fbAQLP

exports[`Unit tests for <TableItem /> Should show the item correctly (shallow) 1`] = `
<styled.div>
  <MdAccountCircle />
  <p
    key="12345"
  >
    12345
  </p>
  <p
    key="lastName"
  >
    lastName
  </p>
  <p
    key="name"
  >
    name
  </p>
  <button>
    Toggle Button
  </button>
</styled.div>
`;
